[2026-05-21 20:34:41] ❯ batch delete '*.tmp' in batch
[2026-05-21 20:34:41] ⚠ awaiting confirmation — 25 files
[2026-05-21 20:34:51] ❯ read target.txt
[2026-05-21 20:34:51] ✗ File not found: C:\Users\Lenovo\AppData\Local\Temp\tmpcc6v5ohd\Documents\missing_dir\target.txt
[2026-05-21 20:34:51] ❯ search files 'unrelated.txt' in C:\Users\Lenovo\AppData\Local\Temp\tmp35md1rxs\missing
[2026-05-21 20:34:51] ✗ directory not found: C:\Users\Lenovo\AppData\Local\Temp\tmp35md1rxs\missing
[2026-05-21 20:34:51] ❯ search files 'target.txt' in tmpbqkqqo7x
[2026-05-21 20:34:51] ✓ 1 file found
[2026-05-21 20:37:18] ❯ remove all workflows
[2026-05-21 20:37:18] ⚠ awaiting confirmation — 7 workflows
[2026-05-21 20:37:35] ❯ batch delete '*.tmp' in batch
[2026-05-21 20:37:35] ⚠ awaiting confirmation — 25 files
[2026-05-21 20:37:35] ✓ deleted 7 workflows
[2026-05-21 20:37:36] ❯ read target.txt
[2026-05-21 20:37:36] ✗ File not found: C:\Users\Lenovo\AppData\Local\Temp\tmp_q94vo_z\Documents\missing_dir\target.txt
[2026-05-21 20:37:36] ❯ search files 'unrelated.txt' in C:\Users\Lenovo\AppData\Local\Temp\tmpdbhvr0lg\missing
[2026-05-21 20:37:36] ✗ directory not found: C:\Users\Lenovo\AppData\Local\Temp\tmpdbhvr0lg\missing
[2026-05-21 20:37:36] ❯ search files 'target.txt' in tmpmenrozll
[2026-05-21 20:37:36] ✓ 1 file found
[2026-05-21 20:37:53] ❯ batch delete '*.tmp' in batch
[2026-05-21 20:37:53] ⚠ awaiting confirmation — 25 files
[2026-05-21 20:37:53] ❯ read target.txt
[2026-05-21 20:37:53] ✗ File not found: C:\Users\Lenovo\AppData\Local\Temp\tmpbu3s6i_b\Documents\missing_dir\target.txt
[2026-05-21 20:37:53] ❯ search files 'unrelated.txt' in C:\Users\Lenovo\AppData\Local\Temp\tmpp0h4ykpb\missing
[2026-05-21 20:37:53] ✗ directory not found: C:\Users\Lenovo\AppData\Local\Temp\tmpp0h4ykpb\missing
[2026-05-21 20:37:53] ❯ search files 'target.txt' in tmpdc5hfacm
[2026-05-21 20:37:53] ✓ 1 file found
[2026-05-21 20:47:19] ❯ batch delete '*.tmp' in batch
[2026-05-21 20:47:19] ⚠ awaiting confirmation — 25 files
[2026-05-21 20:47:19] ❯ read target.txt
[2026-05-21 20:47:19] ✗ File not found: C:\Users\Lenovo\AppData\Local\Temp\tmpeipwp064\Documents\missing_dir\target.txt
[2026-05-21 20:47:19] ❯ search files 'unrelated.txt' in C:\Users\Lenovo\AppData\Local\Temp\tmp8ob2es3x\missing
[2026-05-21 20:47:19] ✗ directory not found: C:\Users\Lenovo\AppData\Local\Temp\tmp8ob2es3x\missing
[2026-05-21 20:47:19] ❯ search files 'target.txt' in tmpr7pc1kkm
[2026-05-21 20:47:19] ✓ 1 file found
